2026-07-30T13:30:16.289Z  flow SPX +0M(n200) SPY +1M QQQ +0M · dp SPY POC 734/VAH 742/VAL 729 · tide n/a
2026-07-30T13:31:16.597Z  flow SPX 0M(n232) SPY +0M QQQ +2M · dp SPY POC 735/VAH 742/VAL 729 · tide n/a
2026-07-30T13:32:16.947Z  flow SPX -2M(n230) SPY +2M QQQ +2M · dp SPY POC —/VAH —/VAL — · tide n/a
2026-07-30T13:33:17.252Z  flow SPX +0M(n0) SPY +2M QQQ +0M · dp SPY POC 735/VAH 742/VAL 729 · tide n/a
2026-07-30T13:34:17.522Z  flow SPX -10M(n228) SPY +3M QQQ +0M · dp SPY POC —/VAH —/VAL — · tide +101M
2026-07-30T13:35:17.840Z  flow SPX -20M(n225) SPY +5M QQQ +0M · dp SPY POC 735/VAH 742/VAL 729 · tide +123M
2026-07-30T13:36:18.158Z  flow SPX +0M(n0) SPY +5M QQQ 0M · dp SPY POC 735/VAH 742/VAL 729 · tide +153M
2026-07-30T13:37:18.509Z  flow SPX -16M(n214) SPY +0M QQQ +0M · dp SPY POC 735/VAH 742/VAL 729 · tide +134M
2026-07-30T13:38:18.804Z  flow SPX -5M(n198) SPY +0M QQQ +0M · dp SPY POC 735/VAH 742/VAL 729 · tide n/a
2026-07-30T13:39:19.132Z  flow SPX +0M(n0) SPY +0M QQQ -2M · dp SPY POC —/VAH —/VAL — · tide +163M
2026-07-30T13:40:19.469Z  flow SPX -5M(n204) SPY +0M QQQ -2M · dp SPY POC —/VAH —/VAL — · tide n/a
2026-07-30T13:41:19.799Z  flow SPX +0M(n0) SPY +1M QQQ -2M · dp SPY POC 735/VAH 742/VAL 729 · tide n/a
2026-07-30T13:42:20.126Z  flow SPX +2M(n211) SPY +0M QQQ +0M · dp SPY POC 735/VAH 742/VAL 729 · tide n/a
2026-07-30T13:43:20.405Z  flow SPX -4M(n213) SPY +0M QQQ +0M · dp SPY POC —/VAH —/VAL — · tide n/a
2026-07-30T13:44:20.734Z  flow SPX -31M(n235) SPY +0M QQQ +0M · dp SPY POC —/VAH —/VAL — · tide +230M
2026-07-30T13:45:21.057Z  flow SPX -26M(n218) SPY +0M QQQ -5M · dp SPY POC —/VAH —/VAL — · tide n/a
2026-07-30T13:46:22.109Z  flow SPX -20M(n209) SPY -7M QQQ -4M · dp SPY POC —/VAH —/VAL — · tide n/a
2026-07-30T13:47:22.545Z  flow SPX -10M(n208) SPY -7M QQQ +0M · dp SPY POC —/VAH —/VAL — · tide +273M
2026-07-30T13:48:22.847Z  flow SPX -10M(n205) SPY -9M QQQ -4M · dp SPY POC —/VAH —/VAL — · tide n/a
2026-07-30T13:49:23.193Z  flow SPX -10M(n201) SPY +0M QQQ -2M · dp SPY POC 735/VAH 742/VAL 729 · tide n/a
2026-07-30T13:50:23.524Z  flow SPX -34M(n204) SPY +0M QQQ +0M · dp SPY POC 735/VAH 742/VAL 729 · tide +316M
2026-07-30T13:51:23.849Z  flow SPX +0M(n0) SPY +0M QQQ +0M · dp SPY POC 735/VAH 742/VAL 729 · tide +350M
2026-07-30T13:52:24.142Z  flow SPX -11M(n218) SPY +2M QQQ +0M · dp SPY POC —/VAH —/VAL — · tide n/a
2026-07-30T13:53:24.477Z  flow SPX +0M(n0) SPY +0M QQQ +1M · dp SPY POC 735/VAH 742/VAL 729 · tide +352M
2026-07-30T13:54:24.806Z  flow SPX +0M(n0) SPY +0M QQQ +2M · dp SPY POC 735/VAH 742/VAL 729 · tide +360M
2026-07-30T13:55:25.287Z  flow SPX +0M(n0) SPY +2M QQQ +0M · dp SPY POC —/VAH —/VAL — · tide +368M
2026-07-30T13:56:25.626Z  flow SPX +0M(n0) SPY +0M QQQ +1M · dp SPY POC 735/VAH 742/VAL 729 · tide +396M
2026-07-30T13:57:26.019Z  flow SPX +0M(n0) SPY +4M QQQ +0M · dp SPY POC 735/VAH 742/VAL 729 · tide n/a
2026-07-30T13:58:26.493Z  flow SPX +0M(n0) SPY +0M QQQ -1M · dp SPY POC 735/VAH 742/VAL 729 · tide n/a
2026-07-30T13:59:26.828Z  flow SPX 0M(n222) SPY +0M QQQ -1M · dp SPY POC 735/VAH 742/VAL 729 · tide +427M
2026-07-30T14:00:27.526Z  flow SPX +0M(n0) SPY 0M QQQ +0M · dp SPY POC 735/VAH 742/VAL 729 · tide +435M
2026-07-30T14:01:29.182Z  flow SPX +0M(n0) SPY 0M QQQ +4M · dp SPY POC 735/VAH 742/VAL 729 · tide +452M
2026-07-30T14:02:31.171Z  flow SPX -107M(n215) SPY -2M QQQ +4M · dp SPY POC 735/VAH 742/VAL 729 · tide +461M
2026-07-30T14:03:33.129Z  flow SPX +0M(n0) SPY +0M QQQ +2M · dp SPY POC 735/VAH 742/VAL 729 · tide +445M
2026-07-30T14:04:33.683Z  flow SPX +0M(n0) SPY +0M QQQ +0M · dp SPY POC 735/VAH 742/VAL 729 · tide +446M
2026-07-30T14:05:34.019Z  flow SPX +12M(n207) SPY +0M QQQ +0M · dp SPY POC —/VAH —/VAL — · tide +437M
2026-07-30T14:06:34.550Z  flow SPX +0M(n0) SPY -8M QQQ +0M · dp SPY POC 738/VAH 742/VAL 729 · tide n/a
2026-07-30T14:07:35.040Z  flow SPX +19M(n206) SPY +0M QQQ +0M · dp SPY POC 738/VAH 742/VAL 729 · tide +427M
2026-07-30T14:08:35.447Z  flow SPX +25M(n211) SPY -8M QQQ -3M · dp SPY POC —/VAH —/VAL — · tide n/a
2026-07-30T14:09:35.909Z  flow SPX +10M(n216) SPY -8M QQQ +0M · dp SPY POC —/VAH —/VAL — · tide +403M
2026-07-30T14:10:36.218Z  flow SPX +0M(n0) SPY +0M QQQ -4M · dp SPY POC —/VAH —/VAL — · tide +398M
2026-07-30T14:11:36.564Z  flow SPX +15M(n188) SPY +0M QQQ +0M · dp SPY POC —/VAH —/VAL — · tide +400M
2026-07-30T14:12:36.889Z  flow SPX +30M(n212) SPY -6M QQQ +0M · dp SPY POC —/VAH —/VAL — · tide +410M
2026-07-30T14:13:37.207Z  flow SPX +0M(n0) SPY -6M QQQ -2M · dp SPY POC 738/VAH 742/VAL 729 · tide n/a
2026-07-30T14:14:37.554Z  flow SPX +0M(n0) SPY -6M QQQ -3M · dp SPY POC —/VAH —/VAL — · tide +422M
2026-07-30T14:15:37.930Z  flow SPX +18M(n203) SPY -6M QQQ -3M · dp SPY POC —/VAH —/VAL — · tide n/a
2026-07-30T14:16:38.488Z  flow SPX +18M(n202) SPY -6M QQQ +0M · dp SPY POC —/VAH —/VAL — · tide +424M
2026-07-30T14:17:38.790Z  flow SPX +19M(n224) SPY -6M QQQ +6M · dp SPY POC —/VAH —/VAL — · tide n/a
2026-07-30T14:18:39.109Z  flow SPX -9M(n228) SPY +0M QQQ +6M · dp SPY POC 738/VAH 742/VAL 729 · tide +442M
2026-07-30T14:19:42.253Z  flow SPX -8M(n219) SPY +0M QQQ +0M · dp SPY POC 738/VAH 742/VAL 729 · tide +452M
2026-07-30T14:20:42.559Z  flow SPX +0M(n0) SPY -3M QQQ +0M · dp SPY POC 738/VAH 742/VAL 729 · tide n/a
2026-07-30T14:21:42.914Z  flow SPX +10M(n239) SPY +0M QQQ +0M · dp SPY POC —/VAH —/VAL — · tide +489M
2026-07-30T14:22:43.634Z  flow SPX -5M(n261) SPY 0M QQQ +0M · dp SPY POC —/VAH —/VAL — · tide n/a
2026-07-30T14:23:44.516Z  flow SPX +0M(n0) SPY +0M QQQ +9M · dp SPY POC —/VAH —/VAL — · tide +511M
2026-07-30T14:24:45.372Z  flow SPX -47M(n253) SPY +0M QQQ +9M · dp SPY POC 738/VAH 742/VAL 729 · tide n/a
2026-07-30T14:25:46.303Z  flow SPX +0M(n0) SPY +2M QQQ +9M · dp SPY POC —/VAH —/VAL — · tide +543M
2026-07-30T14:26:46.789Z  flow SPX +0M(n0) SPY +2M QQQ +0M · dp SPY POC —/VAH —/VAL — · tide +552M
2026-07-30T14:27:47.185Z  flow SPX -67M(n213) SPY +5M QQQ +0M · dp SPY POC —/VAH —/VAL — · tide +586M
2026-07-30T14:28:47.943Z  flow SPX -17M(n182) SPY +0M QQQ +10M · dp SPY POC —/VAH —/VAL — · tide n/a
2026-07-30T14:29:48.787Z  flow SPX -17M(n193) SPY +8M QQQ +0M · dp SPY POC —/VAH —/VAL — · tide n/a
2026-07-30T14:30:49.587Z  flow SPX -12M(n206) SPY +0M QQQ +0M · dp SPY POC 738/VAH 742/VAL 729 · tide +618M
2026-07-30T14:31:50.223Z  flow SPX -4M(n205) SPY +0M QQQ +1M · dp SPY POC 738/VAH 742/VAL 729 · tide n/a
2026-07-30T14:32:50.865Z  flow SPX 0M(n213) SPY +8M QQQ +1M · dp SPY POC —/VAH —/VAL — · tide n/a
2026-07-30T14:33:51.492Z  flow SPX -1M(n215) SPY +9M QQQ +2M · dp SPY POC —/VAH —/VAL — · tide n/a
2026-07-30T14:34:52.218Z  flow SPX +1M(n211) SPY +9M QQQ +0M · dp SPY POC —/VAH —/VAL — · tide +638M
2026-07-30T14:35:52.652Z  flow SPX -3M(n189) SPY +0M QQQ +2M · dp SPY POC —/VAH —/VAL — · tide n/a
2026-07-30T14:36:53.029Z  flow SPX +0M(n0) SPY +0M QQQ +0M · dp SPY POC 738/VAH 742/VAL 729 · tide +635M
2026-07-30T14:37:53.436Z  flow SPX +0M(n0) SPY +0M QQQ +1M · dp SPY POC 738/VAH 742/VAL 729 · tide +646M
2026-07-30T14:38:54.144Z  flow SPX +0M(n0) SPY +8M QQQ +0M · dp SPY POC —/VAH —/VAL — · tide +645M
2026-07-30T14:39:54.768Z  flow SPX +2M(n208) SPY +0M QQQ +0M · dp SPY POC 738/VAH 742/VAL 729 · tide n/a
2026-07-30T14:40:55.260Z  flow SPX +0M(n0) SPY +7M QQQ +0M · dp SPY POC 738/VAH 742/VAL 729 · tide n/a
2026-07-30T14:41:55.974Z  flow SPX +0M(n0) SPY +6M QQQ +0M · dp SPY POC 738/VAH 742/VAL 729 · tide n/a
2026-07-30T14:42:56.430Z  flow SPX +1M(n216) SPY +0M QQQ -1M · dp SPY POC —/VAH —/VAL — · tide n/a
2026-07-30T14:43:57.210Z  flow SPX +0M(n0) SPY +2M QQQ -1M · dp SPY POC —/VAH —/VAL — · tide +649M
2026-07-30T14:44:57.880Z  flow SPX +0M(n0) SPY +2M QQQ -2M · dp SPY POC —/VAH —/VAL — · tide n/a
2026-07-30T14:45:58.598Z  flow SPX +0M(n0) SPY +0M QQQ -1M · dp SPY POC 738/VAH 742/VAL 729 · tide n/a
2026-07-30T14:46:59.361Z  flow SPX +0M(n0) SPY +0M QQQ -1M · dp SPY POC 738/VAH 742/VAL 729 · tide n/a
2026-07-30T14:47:59.789Z  flow SPX +0M(n0) SPY -4M QQQ -1M · dp SPY POC —/VAH —/VAL — · tide +640M
2026-07-30T14:49:00.470Z  flow SPX +0M(n0) SPY -4M QQQ -2M · dp SPY POC 738/VAH 742/VAL 729 · tide n/a
2026-07-30T14:50:01.154Z  flow SPX +26M(n229) SPY -4M QQQ -3M · dp SPY POC —/VAH —/VAL — · tide +644M
2026-07-30T14:51:01.902Z  flow SPX +25M(n219) SPY -3M QQQ +0M · dp SPY POC —/VAH —/VAL — · tide +642M
2026-07-30T14:52:02.382Z  flow SPX +0M(n0) SPY +0M QQQ -4M · dp SPY POC 738/VAH 742/VAL 729 · tide n/a
2026-07-30T14:53:02.889Z  flow SPX +0M(n0) SPY -6M QQQ +0M · dp SPY POC 738/VAH 740/VAL 729 · tide +631M
2026-07-30T14:54:03.326Z  flow SPX +0M(n0) SPY -6M QQQ -6M · dp SPY POC 738/VAH 740/VAL 729 · tide n/a
2026-07-30T14:55:03.659Z  flow SPX -7M(n210) SPY +0M QQQ -8M · dp SPY POC 738/VAH 740/VAL 729 · tide +627M
2026-07-30T14:56:03.991Z  flow SPX -8M(n209) SPY -5M QQQ +0M · dp SPY POC 738/VAH 740/VAL 729 · tide n/a
2026-07-30T14:57:04.762Z  flow SPX -7M(n206) SPY 0M QQQ +0M · dp SPY POC 738/VAH 740/VAL 729 · tide n/a
2026-07-30T14:58:05.156Z  flow SPX +0M(n0) SPY +0M QQQ -8M · dp SPY POC —/VAH —/VAL — · tide +613M
2026-07-30T14:59:05.543Z  flow SPX -12M(n207) SPY +0M QQQ +0M · dp SPY POC 738/VAH 740/VAL 729 · tide n/a
2026-07-30T15:00:05.945Z  flow SPX -9M(n212) SPY +1M QQQ +0M · dp SPY POC —/VAH —/VAL — · tide +621M
2026-07-30T15:01:06.415Z  flow SPX -4M(n205) SPY +0M QQQ +0M · dp SPY POC —/VAH —/VAL — · tide +617M
2026-07-30T15:02:06.966Z  flow SPX +0M(n0) SPY +2M QQQ -7M · dp SPY POC —/VAH —/VAL — · tide +621M
2026-07-30T15:03:07.840Z  flow SPX +32M(n225) SPY +2M QQQ +0M · dp SPY POC 738/VAH 740/VAL 729 · tide +627M
2026-07-30T15:04:08.230Z  flow SPX +0M(n0) SPY +3M QQQ +0M · dp SPY POC 738/VAH 740/VAL 729 · tide n/a
2026-07-30T15:05:08.612Z  flow SPX +0M(n0) SPY +0M QQQ -6M · dp SPY POC 738/VAH 740/VAL 729 · tide +637M
2026-07-30T15:06:09.112Z  flow SPX +23M(n237) SPY +2M QQQ -6M · dp SPY POC —/VAH —/VAL — · tide n/a
