
=== A+ walk-forward (map only) · ORCL · 2026-01-02 → 2026-10-02 (189 trading days) · ORCL 197 → 143 ===
A+ setups found: 15 on 15 days · filled: 8

-- every A+ setup the system saw (as of 09:35 that day) --
  2026-01-15 BEAR entry 195 stop 196 target 190 (R:R 5) — FILLED 10:30 · chart: none (0/4)
      why: gatekeeper ceiling 195 (35%) · untouched target 190 (king) · air pocket (1 small node(s) between) · R:R 5.0 · trend down
  2026-02-04 BEAR entry 149 stop 150 target 145 (R:R 4) — FILLED 10:34 · chart: structure (1/4)
      why: gatekeeper ceiling 149 (27%) · untouched target 145 (king) · air pocket (0 small node(s) between) · R:R 4.0 · trend down
  2026-03-02 BEAR entry 145 stop 146 target 140 (R:R 5) — earnings blackout (2026-03-10)
      why: king ceiling 145 (62%) · untouched target 140 (gatekeeper) · air pocket (0 small node(s) between) · R:R 5.0 · trend down
  2026-03-17 BULL entry 155 stop 154 target 160 (R:R 5) — FILLED 11:29 · chart: structure+fib+level (3/4)
      why: gatekeeper floor 155 (26%) · untouched target 160 (king) · air pocket (1 small node(s) between) · R:R 5.0 · trend mixed
  2026-03-24 BEAR entry 155 stop 156 target 149 (R:R 6) — no retest that held
      why: gatekeeper ceiling 155 (39%) · untouched target 149 (gatekeeper) · air pocket (1 small node(s) between) · R:R 6.0 · trend mixed
  2026-04-07 BEAR entry 145 stop 146 target 140 (R:R 5) — no retest that held
      why: king ceiling 145 (28%) · untouched target 140 (gatekeeper) · air pocket (1 small node(s) between) · R:R 5.0 · trend down
  2026-04-14 BULL entry 165 stop 164 target 170 (R:R 5) — FILLED 09:55 · chart: none (0/4)
      why: gatekeeper floor 165 (32%) · untouched target 170 (gatekeeper) · air pocket (0 small node(s) between) · R:R 5.0 · trend mixed
  2026-04-17 BULL entry 180 stop 179 target 185 (R:R 5) — FILLED 10:14 · chart: level (1/4)
      why: king floor 180 (88%) · untouched target 185 (normal) · air pocket (0 small node(s) between) · R:R 5.0 · trend mixed
  2026-05-07 BULL entry 195 stop 194 target 200 (R:R 5) — FILLED 09:59 · chart: structure (1/4)
      why: gatekeeper floor 195 (59%) · untouched target 200 (barney) · air pocket (0 small node(s) between) · R:R 5.0 · trend up
  2026-05-29 BULL entry 210 stop 207.5 target 217.5 (R:R 3) — earnings blackout (2026-06-10)
      why: gatekeeper floor 210 (77%) · untouched target 217.5 (barney) · air pocket (0 small node(s) between) · R:R 3.0 · trend up
  2026-06-16 BEAR entry 190 stop 191 target 185 (R:R 5) — FILLED 09:35 · chart: none (0/4)
      why: gatekeeper ceiling 190 (31%) · untouched target 185 (king) · air pocket (1 small node(s) between) · R:R 5.0 · trend mixed
  2026-08-11 BEAR entry 150 stop 151 target 145 (R:R 5) — no retest that held
      why: king ceiling 150 (72%) · untouched target 145 (pika) · air pocket (2 small node(s) between) · R:R 5.0 · trend mixed
  2026-08-17 BEAR entry 150 stop 151 target 147 / 145 (R:R 3) — no retest that held
      why: king ceiling 150 (51%) · untouched target 147 (barney) · air pocket (0 small node(s) between) · R:R 3.0 · trend mixed
  2026-08-18 BEAR entry 145 stop 146 target 140 / 139 (R:R 5) — FILLED 09:37 · chart: none (0/4, STRUCTURE AGAINST)
      why: king ceiling 145 (58%) · untouched target 140 (gatekeeper) · air pocket (0 small node(s) between) · R:R 5.0 · trend mixed
  2026-09-15 BEAR entry 145 stop 146 target 140 (R:R 5) — no retest that held
      why: gatekeeper ceiling 145 (42%) · untouched target 140 (king) · air pocket (1 small node(s) between) · R:R 5.0 · trend mixed

-- trades (real option prices, $1k premium each) --
  2026-01-15 10:30 PUT  @195 → tgt 190  [chart none 0/4]  null in $null → TARGET@01-15 $undefined · TARGET(all)@01-15 $undefined  =  unpriced  R 4.93
  2026-02-04 10:34 PUT  @149 → tgt 145  [chart structure 1/4]  null in $null → TARGET@02-04 $undefined · TARGET(all)@02-04 $undefined  =  unpriced  R 4.01
  2026-03-17 11:29 CALL @155 → tgt 160  [chart structure+fib+level 3/4 ✓A+chart]  null in $null → stop(close)@03-18 $undefined  =  unpriced  R -2.11
  2026-04-14 09:55 CALL @165 → tgt 170  [chart none 0/4]  null in $null → stop(close)@04-14 $undefined  =  unpriced  R -1.96
  2026-04-17 10:14 CALL @180 → tgt 185  [chart level 1/4]  null in $null → stop(close)@04-17 $undefined  =  unpriced  R -4.94
  2026-05-07 09:59 CALL @195 → tgt 200  [chart structure 1/4]  null in $null → stop(close)@05-11 $undefined  =  unpriced  R -1.16
  2026-06-16 09:35 PUT  @190 → tgt 185  [chart none 0/4]  null in $null → TARGET@06-17 $undefined · TARGET(all)@06-17 $undefined  =  unpriced  R 4.5
  2026-08-18 09:37 PUT  @145 → tgt 140  [chart none 0/4]  null in $null → TARGET@08-19 $undefined · T2@08-19 $undefined  =  unpriced  R 5.63

TOTAL: 8 trades · win 50% · +$0 on $1k/trade
credits used 0
