
=== A+ walk-forward (map only) · JPM · 2026-01-02 → 2026-10-02 (189 trading days) · JPM 323 → 332 ===
A+ setups found: 7 on 7 days · filled: 4

-- every A+ setup the system saw (as of 09:35 that day) --
  2026-02-18 BEAR entry 310 stop 312.5 target 300 (R:R 4) — FILLED 10:31 · chart: level (1/4, STRUCTURE AGAINST)
      why: king ceiling 310 (34%) · untouched target 300 (gatekeeper) · air pocket (2 small node(s) between) · R:R 4.0 · trend down
  2026-03-06 BEAR entry 287.5 stop 290 target 280 (R:R 3) — FILLED 11:18 · chart: structure (1/4)
      why: gatekeeper ceiling 287.5 (29%) · untouched target 280 (gatekeeper) · air pocket (1 small node(s) between) · R:R 3.0 · trend down
  2026-03-19 BEAR entry 290 stop 292.5 target 282.5 / 280 (R:R 3) — no retest that held
      why: gatekeeper ceiling 290 (24%) · untouched target 282.5 (gatekeeper) · air pocket (2 small node(s) between) · R:R 3.0 · trend down
  2026-05-05 BULL entry 305 stop 302.5 target 312.5 / 315 (R:R 3) — no retest that held
      why: gatekeeper floor 305 (15%) · untouched target 312.5 (gatekeeper) · air pocket (2 small node(s) between) · R:R 3.0 · trend mixed
  2026-05-21 BULL entry 297.5 stop 295 target 305 / 307.5 (R:R 3) — no retest that held
      why: gatekeeper floor 297.5 (25%) · untouched target 305 (gatekeeper) · air pocket (2 small node(s) between) · R:R 3.0 · trend mixed
  2026-06-02 BEAR entry 302.5 stop 305 target 295 / 292.5 (R:R 3) — FILLED 14:35 · chart: structure+level (2/4)
      why: gatekeeper ceiling 302.5 (22%) · untouched target 295 (king) · air pocket (1 small node(s) between) · R:R 3.0 · trend mixed
  2026-06-22 BULL entry 327.5 stop 325 target 335 / 337.5 (R:R 3) — FILLED 09:35 · chart: structure (1/4)
      why: king floor 327.5 (50%) · untouched target 335 (pika) · air pocket (0 small node(s) between) · R:R 3.0 · trend up

-- trades (real option prices, $1k premium each) --
  2026-02-18 10:31 PUT  @310 → tgt 300  [chart level 1/4]  null in $null → TARGET@02-24 $undefined · TARGET(all)@02-24 $undefined  =  unpriced  R 6.44
  2026-03-06 11:18 PUT  @287.5 → tgt 280  [chart structure 1/4]  null in $null → TARGET@03-12 $undefined · TARGET(all)@03-12 $undefined  =  unpriced  R 2.94
  2026-06-02 14:35 PUT  @302.5 → tgt 295  [chart structure+level 2/4 ✓A+chart]  null in $null → stop(close)@06-04 $undefined  =  unpriced  R -3.36
  2026-06-22 09:35 CALL @327.5 → tgt 335  [chart structure 1/4]  null in $null → TARGET@06-23 $undefined · T2@06-25 $undefined  =  unpriced  R 3.57

TOTAL: 4 trades · win 75% · +$0 on $1k/trade
credits used 0
