… AAPL done (62 stock-days)
… ADBE done (124 stock-days)
… AMD done (186 stock-days)
… AMZN done (248 stock-days)
… AVGO done (310 stock-days)
… COST done (372 stock-days)
… CRM done (434 stock-days)
… GOOGL done (496 stock-days)
… JPM done (539 stock-days)
… META done (601 stock-days)
… MSFT done (663 stock-days)
… NFLX done (725 stock-days)
… NVDA done (787 stock-days)
… ORCL done (849 stock-days)
… TSLA done (911 stock-days)
… PLTR done (973 stock-days)
… MU done (1035 stock-days)
… MSTR done (1097 stock-days)
… TSM done (1159 stock-days)
… INTC done (1221 stock-days)
… LLY done (1283 stock-days)
… HOOD done (1345 stock-days)
… GEV done (1407 stock-days)
… APP done (1469 stock-days)
… CRWV done (1531 stock-days)
… WMT done (1593 stock-days)
… CVNA done (1655 stock-days)
… BAC done (1717 stock-days)
… SNDK done (1779 stock-days)
… COIN done (1841 stock-days)
… XOM done (1903 stock-days)
… WBD done (1965 stock-days)
… RKLB done (2027 stock-days)
… UNH done (2089 stock-days)
… BA done (2151 stock-days)
