
=== A+ walk-forward (map only) [wide stop] [no slide-in] · TSLA · 2026-01-02 → 2026-10-02 (189 trading days) · TSLA 458 → 371 ===
A+ setups found: 7 on 7 days · filled: 3

-- every A+ setup the system saw (as of 09:35 that day) --
  2026-03-20 BEAR entry 380 stop 382.5 target 370 / 365 (R:R 4) — no retest that held
      why: gatekeeper ceiling 380 (18%) · untouched target 370 (king) · air pocket (1 small node(s) between) · R:R 4.0 · trend down
  2026-06-08 BEAR entry 397.5 stop 400 target 390 / 387.5 (R:R 3) — FILLED 09:39 · chart: none (0/4)
      why: gatekeeper ceiling 397.5 (41%) · untouched target 390 (barney) · air pocket (0 small node(s) between) · R:R 3.0 · trend mixed
  2026-07-02 BULL entry 425 stop 422.5 target 435 (R:R 4) — no retest that held
      why: gatekeeper floor 425 (30%) · untouched target 435 (gatekeeper) · air pocket (2 small node(s) between) · R:R 4.0 · trend up
  2026-07-06 BEAR entry 400 stop 402.5 target 390 (R:R 4) — FILLED 09:46 · chart: structure (1/4)
      why: king ceiling 400 (71%) · untouched target 390 (pika) · air pocket (1 small node(s) between) · R:R 4.0 · trend mixed
  2026-07-08 BEAR entry 400 stop 402.5 target 390 (R:R 4) — earnings blackout (2026-07-22)
      why: king ceiling 400 (72%) · untouched target 390 (pika) · air pocket (1 small node(s) between) · R:R 4.0 · trend mixed
  2026-08-11 BEAR entry 335 stop 337.5 target 325 (R:R 4) — FILLED 10:00 · chart: none (0/4)
      why: king ceiling 335 (28%) · untouched target 325 (gatekeeper) · air pocket (3 small node(s) between) · R:R 4.0 · trend down
  2026-08-27 BEAR entry 352.5 stop 355 target 342.5 / 340 (R:R 4) — no retest that held
      why: gatekeeper ceiling 352.5 (34%) · untouched target 342.5 (barney) · air pocket (2 small node(s) between) · R:R 4.0 · trend mixed

-- trades (real option prices, $1k premium each) --
  2026-06-08 09:39 PUT  @397.5 → tgt 390  [chart none 0/4]  TSLA260626P00400000 in $17.75 → stop(close)@06-08 $12.7  =  -28%  (-$285)  R -4.57
  2026-07-06 09:46 PUT  @400 → tgt 390  [chart structure 1/4]  TSLA260724P00400000 in $17.45 → stop(close)@07-06 $10.35  =  -41%  (-$407)  R -7.92
  2026-08-11 10:00 PUT  @335 → tgt 325  [chart none 0/4]  TSLA260828P00335000 in $11.28 → TARGET@08-12 $15.8 · TARGET(all)@08-12 $15.8  =  40%  (+$401)  R 3.88

TOTAL: 3 trades · win 33% · -$291 on $1k/trade
credits used 0
